// Vitest Snapshot v1, https://vitest.dev/guide/snapshot.html

exports[`feature-coverage matrix: class features > wired class features catalog is stable 1`] = `
[
  "barbarian L1 rage",
  "barbarian L1 unarmored-defense-barbarian-feature",
  "barbarian L1 weapon-mastery-barbarian",
  "barbarian L2 danger-sense",
  "barbarian L2 reckless-attack",
  "barbarian L3 rage-uses-3",
  "barbarian L5 extra-attack-barb",
  "barbarian L5 fast-movement",
  "barbarian L6 rage-uses-4",
  "barbarian L7 feral-instinct",
  "barbarian L12 rage-uses-5",
  "barbarian L17 rage-uses-6",
  "bard L1 bardic-inspiration",
  "bard L2 expertise-bard",
  "bard L2 jack-of-all-trades",
  "bard L5 bardic-inspiration-d8",
  "bard L5 font-of-inspiration",
  "bard L9 expertise-bard-9",
  "bard L10 bardic-inspiration-d10",
  "bard L15 bardic-inspiration-d12",
  "bard L20 words-of-creation",
  "cleric L1 divine-order",
  "cleric L2 channel-divinity",
  "cleric L2 turn-undead",
  "cleric L6 channel-divinity-cleric-2",
  "cleric L7 blessed-strikes",
  "cleric L10 divine-intervention",
  "cleric L18 channel-divinity-cleric-3",
  "cleric L20 greater-divine-intervention",
  "druid L1 druidic",
  "druid L1 primal-order",
  "druid L2 wild-companion",
  "druid L2 wild-shape",
  "druid L6 wild-shape-uses-3",
  "druid L17 wild-shape-uses-4",
  "fighter L1 fighting-style-fighter",
  "fighter L1 second-wind",
  "fighter L1 weapon-mastery-fighter",
  "fighter L2 action-surge",
  "fighter L4 second-wind-3",
  "fighter L5 extra-attack",
  "fighter L9 indomitable",
  "fighter L10 second-wind-4",
  "fighter L11 extra-attack-2",
  "fighter L13 indomitable-2",
  "fighter L13 studied-attacks",
  "fighter L17 action-surge-2",
  "fighter L17 indomitable-3",
  "fighter L20 extra-attack-3",
  "monk L1 martial-arts",
  "monk L1 unarmored-defense-monk",
  "monk L2 monks-focus",
  "monk L2 unarmored-movement-monk",
  "monk L4 slow-fall",
  "monk L5 extra-attack-monk",
  "monk L5 stunning-strike",
  "monk L6 empowered-strikes",
  "monk L7 evasion-monk",
  "monk L10 heightened-focus",
  "monk L10 self-restoration",
  "monk L14 disciplined-survivor",
  "monk L18 superior-defense",
  "paladin L1 lay-on-hands",
  "paladin L1 weapon-mastery-paladin",
  "paladin L2 fighting-style-paladin",
  "paladin L2 paladins-smite",
  "paladin L3 channel-divinity-paladin",
  "paladin L5 extra-attack-paladin",
  "paladin L6 aura-of-protection",
  "paladin L10 aura-of-courage",
  "paladin L11 channel-divinity-paladin-3",
  "paladin L18 aura-expansion",
  "ranger L1 favored-enemy",
  "ranger L1 weapon-mastery-ranger",
  "ranger L2 deft-explorer",
  "ranger L2 fighting-style-ranger",
  "ranger L5 extra-attack-ranger",
  "ranger L5 hunters-mark-uses-3",
  "ranger L6 roving",
  "ranger L9 expertise-ranger",
  "ranger L9 hunters-mark-uses-4",
  "ranger L13 hunters-mark-uses-5",
  "ranger L17 hunters-mark-uses-6",
  "ranger L17 precise-hunter",
  "ranger L18 feral-senses",
  "rogue L1 expertise-rogue",
  "rogue L1 sneak-attack",
  "rogue L1 thieves-cant",
  "rogue L1 weapon-mastery-rogue",
  "rogue L2 cunning-action",
  "rogue L3 sneak-attack",
  "rogue L5 cunning-strike",
  "rogue L5 sneak-attack",
  "rogue L5 uncanny-dodge",
  "rogue L6 expertise-rogue-2",
  "rogue L7 evasion-rogue",
  "rogue L7 sneak-attack",
  "rogue L9 sneak-attack",
  "rogue L11 improved-cunning-strike",
  "rogue L11 sneak-attack",
  "rogue L13 sneak-attack",
  "rogue L14 devious-strikes",
  "rogue L15 slippery-mind",
  "rogue L15 sneak-attack",
  "rogue L17 sneak-attack",
  "rogue L18 elusive",
  "rogue L19 sneak-attack",
  "sorcerer L1 innate-sorcery",
  "sorcerer L2 font-of-magic",
  "sorcerer L2 metamagic",
  "sorcerer L5 sorcerous-restoration",
  "sorcerer L7 sorcery-incarnate",
  "warlock L1 eldritch-invocations-2",
  "warlock L9 contact-patron",
  "wizard L1 arcane-recovery",
  "wizard L1 ritual-adept",
  "wizard L2 scholar",
]
`;

exports[`feature-coverage matrix: conditions > wired conditions catalog is stable 1`] = `
[
  "absorb-elements-charged-acid-active",
  "absorb-elements-charged-cold-active",
  "absorb-elements-charged-fire-active",
  "absorb-elements-charged-lightning-active",
  "absorb-elements-charged-thunder-active",
  "aid-buffed",
  "antitoxin-active",
  "armor-of-agathys-active",
  "aura-of-courage-active",
  "aura-of-devotion-active",
  "aura-of-protection-active",
  "baned",
  "barkskin-active",
  "blade-warded-active",
  "blessed",
  "blinded",
  "blurred-active",
  "boots-of-speed-active",
  "bulls-strength-active",
  "cats-grace-active",
  "cloak-of-the-bat-active",
  "cloud-giant-strength-potion-active",
  "cockatrice-restrained-active",
  "crusaders-mantle-active",
  "cursed-ability-cha-active",
  "cursed-ability-con-active",
  "cursed-ability-dex-active",
  "cursed-ability-int-active",
  "cursed-ability-str-active",
  "cursed-ability-wis-active",
  "cursed-attacks-active",
  "cursed-vulnerable-active",
  "darkvision-active",
  "death-dog-disease-active",
  "death-ward-active",
  "divine-favor-active",
  "divine-smite-active",
  "dodged",
  "dragon-wings-active",
  "eagles-splendor-active",
  "emotion-suppressed-active",
  "enlarged-active",
  "enthralled-active",
  "faerie-fired",
  "feather-falling-active",
  "fire-giant-strength-potion-active",
  "fire-shield-chill-active",
  "fire-shield-warm-active",
  "flying-active",
  "foresight-active",
  "foxs-cunning-active",
  "freedom-of-movement-active",
  "frenzied",
  "frightened",
  "frost-giant-strength-potion-active",
  "gaseous-form-active",
  "grappled",
  "hasted-active",
  "healing-blocked-active",
  "held-paralyzed-active",
  "heroes-feasted-active",
  "heroic-active",
  "hexed-active",
  "hill-giant-strength-potion-active",
  "holy-aura-active",
  "hunters-mark-active",
  "innate-sorcery-active",
  "invisible",
  "longstrider-active",
  "mage-armored",
  "magic-circle-active",
  "mind-blanked-active",
  "owls-wisdom-active",
  "paralyzed",
  "pass-without-trace-active",
  "perfumed-active",
  "petrified",
  "poisoned",
  "potion-of-invulnerability-active",
  "power-word-speed-zero-active",
  "power-word-stunned-active",
  "prone",
  "protection-acid-active",
  "protection-cold-active",
  "protection-fire-active",
  "protection-force-active",
  "protection-from-evil-and-good-active",
  "protection-lightning-active",
  "protection-necrotic-active",
  "protection-poison-active",
  "protection-psychic-active",
  "protection-radiant-active",
  "protection-thunder-active",
  "reduced-active",
  "restrained",
  "restrained-by-web",
  "sacred-weapon-active",
  "sanctuary-active",
  "sapped",
  "searing-smite-active",
  "shield-of-faith-active",
  "shielded",
  "slowed-10ft",
  "spider-climbing-active",
  "spirit-shroud-cold-active",
  "spirit-shroud-necrotic-active",
  "spirit-shroud-radiant-active",
  "stone-giant-strength-potion-active",
  "stoneskin-active",
  "storm-giant-strength-potion-active",
  "studied-target-active",
  "stunned",
  "superior-defense-active",
  "true-seeing-active",
  "unconscious",
  "vexing-active",
  "warding-bond-active",
  "wind-walking-active",
  "worg-bite-targeted",
]
`;

exports[`feature-coverage matrix: feats > wired feats catalog is stable 1`] = `
[
  "epic-boon:boon-of-truesight",
  "fighting-style:fighting-style-archery",
  "fighting-style:fighting-style-defense",
  "fighting-style:fighting-style-dueling",
  "fighting-style:fighting-style-great-weapon",
  "fighting-style:fighting-style-protection",
  "fighting-style:fighting-style-two-weapon",
  "invocation:agonizing-blast-chill-touch",
  "invocation:agonizing-blast-eldritch-blast",
  "invocation:agonizing-blast-poison-spray",
  "invocation:armor-of-shadows",
  "invocation:devils-sight",
  "invocation:fiendish-vigor",
  "invocation:mask-of-many-faces",
  "invocation:misty-visions",
  "invocation:otherworldly-leap",
  "origin:alert",
  "origin:magic-initiate-cleric",
  "origin:magic-initiate-druid",
  "origin:magic-initiate-wizard",
  "origin:skilled",
]
`;

exports[`feature-coverage matrix: magic items > magic-item wire and charge state is stable 1`] = `
{
  "wiredIds": [
    "amulet-of-health",
    "armor-of-resistance-acid",
    "armor-of-resistance-cold",
    "armor-of-resistance-fire",
    "armor-of-resistance-force",
    "armor-of-resistance-lightning",
    "armor-of-resistance-necrotic",
    "armor-of-resistance-poison",
    "armor-of-resistance-psychic",
    "armor-of-resistance-radiant",
    "armor-of-resistance-thunder",
    "belt-of-cloud-giant-strength",
    "belt-of-dwarvenkind",
    "belt-of-fire-giant-strength",
    "belt-of-frost-giant-strength",
    "belt-of-hill-giant-strength",
    "belt-of-stone-giant-strength",
    "belt-of-storm-giant-strength",
    "boots-of-elvenkind",
    "boots-of-levitation",
    "boots-of-speed",
    "boots-of-the-winterlands",
    "bracers-of-archery",
    "bracers-of-defense",
    "brooch-of-shielding",
    "cloak-of-arachnida",
    "cloak-of-elvenkind",
    "cloak-of-protection",
    "cloak-of-the-bat",
    "cloak-of-the-manta-ray",
    "eyes-of-minute-seeing",
    "eyes-of-the-eagle",
    "frost-brand",
    "gauntlets-of-ogre-power",
    "gloves-of-swimming-and-climbing",
    "gloves-of-thievery",
    "goggles-of-night",
    "hat-of-disguise",
    "headband-of-intellect",
    "ioun-stone-agility",
    "ioun-stone-awareness",
    "ioun-stone-fortitude",
    "ioun-stone-insight",
    "ioun-stone-intellect",
    "ioun-stone-leadership",
    "ioun-stone-protection",
    "ioun-stone-strength",
    "luck-blade",
    "mantle-of-spell-resistance",
    "necklace-of-adaptation",
    "periapt-of-health",
    "periapt-of-proof-against-poison",
    "pipes-of-haunting",
    "ring-of-feather-falling",
    "ring-of-free-action",
    "ring-of-protection",
    "ring-of-resistance-acid",
    "ring-of-resistance-cold",
    "ring-of-resistance-fire",
    "ring-of-resistance-force",
    "ring-of-resistance-lightning",
    "ring-of-resistance-necrotic",
    "ring-of-resistance-poison",
    "ring-of-resistance-psychic",
    "ring-of-resistance-radiant",
    "ring-of-resistance-thunder",
    "ring-of-swimming",
    "ring-of-warmth",
    "robe-of-eyes",
    "robe-of-stars",
    "robe-of-the-archmagi",
    "rod-of-alertness",
    "scarab-of-protection",
    "slippers-of-spider-climbing",
    "staff-of-fire",
    "staff-of-frost",
    "staff-of-healing",
    "staff-of-power",
    "staff-of-the-magi",
    "stone-of-good-luck",
    "wand-of-fireballs",
    "wand-of-lightning-bolts",
    "wand-of-magic-missiles",
    "wings-of-flying",
  ],
  "withChargesIds": [
    "circlet-of-blasting",
    "cloak-of-the-bat",
    "gem-of-brightness",
    "pearl-of-power",
    "pipes-of-haunting",
    "ring-of-animal-influence",
    "ring-of-evasion",
    "ring-of-shooting-stars",
    "ring-of-spell-storing",
    "ring-of-spell-turning",
    "ring-of-the-ram",
    "ring-of-three-wishes",
    "ring-of-x-ray-vision",
    "staff-of-charming",
    "staff-of-healing",
    "wand-of-binding",
    "wand-of-enemy-detection",
    "wand-of-fear",
    "wand-of-fireballs",
    "wand-of-lightning-bolts",
    "wand-of-magic-detection",
    "wand-of-magic-missiles",
    "wand-of-paralysis",
    "wand-of-polymorph",
    "wand-of-secrets",
    "wand-of-web",
    "wand-of-wonder",
    "wind-fan",
    "wings-of-flying",
  ],
}
`;

exports[`feature-coverage matrix: subclasses > wired subclass features catalog is stable 1`] = `
[
  "champion L3 improved-critical",
  "champion L3 remarkable-athlete",
  "champion L7 additional-fighting-style",
  "champion L15 superior-critical",
  "circle-of-the-land L3 lands-aid",
  "circle-of-the-land L6 natural-recovery",
  "circle-of-the-land L10 natures-ward",
  "college-of-lore L3 cutting-words",
  "college-of-lore L3 lore-bonus-proficiencies",
  "college-of-lore L14 peerless-skill",
  "draconic-sorcery L3 draconic-resilience-ac",
  "draconic-sorcery L3 draconic-resilience-hp",
  "draconic-sorcery L3 draconic-spells",
  "draconic-sorcery L5 draconic-spells-l5",
  "draconic-sorcery L6 elemental-affinity",
  "draconic-sorcery L7 draconic-spells-l7",
  "draconic-sorcery L14 dragon-wings",
  "evoker L3 evocation-savant",
  "evoker L3 potent-cantrip",
  "evoker L10 empowered-evocation",
  "fiend-patron L3 dark-ones-blessing",
  "fiend-patron L3 fiend-spells",
  "fiend-patron L5 fiend-spells-l5",
  "fiend-patron L6 dark-ones-own-luck",
  "fiend-patron L7 fiend-spells-l7",
  "fiend-patron L9 fiend-spells-l9",
  "fiend-patron L10 fiendish-resilience",
  "hunter L3 hunters-prey",
  "hunter L7 defensive-tactics",
  "life-domain L3 disciple-of-life",
  "life-domain L3 life-domain-armor-training",
  "life-domain L3 life-domain-spells",
  "life-domain L3 preserve-life",
  "life-domain L5 life-domain-spells-l5",
  "life-domain L7 life-domain-spells-l7",
  "life-domain L9 life-domain-spells-l9",
  "life-domain L17 supreme-healing",
  "oath-of-devotion L3 devotion-spells",
  "oath-of-devotion L3 sacred-weapon",
  "oath-of-devotion L5 devotion-spells-l5",
  "oath-of-devotion L7 aura-of-devotion",
  "oath-of-devotion L9 devotion-spells-l9",
  "oath-of-devotion L13 devotion-spells-l13",
  "oath-of-devotion L17 devotion-spells-l17",
  "path-of-the-berserker L3 frenzy",
  "path-of-the-berserker L14 intimidating-presence",
  "thief L3 second-story-work",
  "warrior-of-the-open-hand L3 open-hand-technique",
  "warrior-of-the-open-hand L6 wholeness-of-body",
]
`;

exports[`feature-coverage matrix: weapon masteries > mastery → weapon mapping is stable 1`] = `
{
  "Cleave": [
    "greataxe",
    "halberd",
  ],
  "Graze": [
    "glaive",
    "greatsword",
  ],
  "Nick": [
    "dagger",
    "dagger-of-venom",
    "light-hammer",
    "ritual-sickle",
    "scimitar",
    "scimitar-of-speed",
    "sickle",
  ],
  "Push": [
    "crossbow-heavy",
    "dwarven-thrower",
    "greatclub",
    "pike",
    "thunderous-greatclub",
    "warhammer",
  ],
  "Sap": [
    "flail",
    "longsword",
    "mace",
    "mace-of-disruption",
    "mace-of-smiting",
    "morningstar",
    "spear",
    "sun-blade",
    "war-pick",
  ],
  "Slow": [
    "club",
    "crossbow-light",
    "javelin",
    "longbow",
    "musket",
    "sling",
    "whip",
  ],
  "Topple": [
    "battleaxe",
    "lance",
    "maul",
    "quarterstaff",
    "quarterstaff-of-the-acrobat",
    "trident",
  ],
  "Vex": [
    "blowgun",
    "crossbow-hand",
    "dart",
    "handaxe",
    "pistol",
    "rapier",
    "shortbow",
    "shortsword",
    "spy-hand-crossbow",
    "spy-shortsword",
  ],
}
`;
